== install ==

added 4 packages, and audited 5 packages in 838ms

1 high severity vulnerability

To address all issues, run:
  npm audit fix --force

Run `npm audit` for details.
== patch ==
Rondo UX finish patch applied.
== build ==

> rondo-design-prototype@0.3.1 build:preview
> node scripts/build-preview.mjs


  .preview/app.bundle.js  117.2kb

⚡ Done in 9ms
/home/runner/work/Rando/Rando/preview.html
== complete gate ==

> rondo-design-prototype@0.3.1 test
> npm run check && npm run test:unit && npm run test:browser


> rondo-design-prototype@0.3.1 check
> node --check app.js && node --check src/app.js && node --check src/data/catalog.js && node --check src/services/journey.js && node --check src/state/store.js && node --check src/ui/views.js && node --check src/ui/ambience.js && node --check src/ui/songRoom.js && node --check src/services/audio.js


> rondo-design-prototype@0.3.1 test:unit
> node tests/unit.mjs

node:internal/modules/run_main:123
    triggerUncaughtException(
    ^

AssertionError [ERR_ASSERTION]: The expression evaluated to a falsy value:

  assert(emptyLibrary.includes('Keep the music that stays with you.'))

    at file:///home/runner/work/Rando/Rando/tests/unit.mjs:60:1
    at ModuleJob.run (node:internal/modules/esm/module_job:325:25)
    at async ModuleLoader.import (node:internal/modules/esm/loader:606:24)
    at async asyncRunEntryPointWithESMLoader (node:internal/modules/run_main:117:5) {
  generatedMessage: true,
  code: 'ERR_ASSERTION',
  actual: false,
  expected: true,
  operator: '=='
}

Node.js v20.20.2
== captures ==
node:internal/modules/run_main:123
    triggerUncaughtException(
    ^

page.click: Timeout 30000ms exceeded.
Call log:
  - waiting for locator('[data-song-room-mode="story"]')
  -   locator resolved to 2 elements. Proceeding with the first one: <button role="tab" type="button" class="active" aria-selected="true" data-song-room-mode="story">Story</button>
  - attempting click action
  -   waiting for element to be visible, enabled and stable
  -   element is not visible
  - retrying click action, attempt #1
  -   waiting for element to be visible, enabled and stable
  -   element is not visible
  - retrying click action, attempt #2
  -   waiting 20ms
  -   waiting for element to be visible, enabled and stable
  -   element is not visible
  - retrying click action, attempt #3
  -   waiting 100ms
  -   waiting for element to be visible, enabled and stable
  -   element is not visible
  - retrying click action, attempt #4
  -   waiting 100ms
  -   waiting for element to be visible, enabled and stable
  -   element is not visible
  - retrying click action, attempt #5
  -   waiting 500ms
  -   waiting for element to be visible, enabled and stable
  -   element is not visible
  - retrying click action, attempt #6
  -   waiting 500ms
  -   waiting for element to be visible, enabled and stable
  -   element is not visible
  - retrying click action, attempt #7
  -   waiting 500ms
  -   waiting for element to be visible, enabled and stable
  -   element is not visible
  - retrying click action, attempt #8
  -   waiting 500ms
  -   waiting for element to be visible, enabled and stable
  -   element is not visible
  - retrying click action, attempt #9
  -   waiting 500ms
  -   waiting for element to be visible, enabled and stable
  -   element is not visible
  - retrying click action, attempt #10
  -   waiting 500ms
  -   waiting for element to be visible, enabled and stable
  -   element is not visible
  - retrying click action, attempt #11
  -   waiting 500ms
  -   waiting for element to be visible, enabled and stable
  -   element is not visible
  - retrying click action, attempt #12
  -   waiting 500ms
  -   waiting for element to be visible, enabled and stable
  -   element is not visible
  - retrying click action, attempt #13
  -   waiting 500ms
  -   waiting for element to be visible, enabled and stable
  -   element is not visible
  - retrying click action, attempt #14
  -   waiting 500ms
  -   waiting for element to be visible, enabled and stable
  -   element is not visible
  - retrying click action, attempt #15
  -   waiting 500ms
  -   waiting for element to be visible, enabled and stable
  -   element is not visible
  - retrying click action, attempt #16
  -   waiting 500ms
  -   waiting for element to be visible, enabled and stable
  -   element is not visible
  - retrying click action, attempt #17
  -   waiting 500ms
  -   waiting for element to be visible, enabled and stable
  -   element is not visible
  - retrying click action, attempt #18
  -   waiting 500ms
  -   waiting for element to be visible, enabled and stable
  -   element is not visible
  - retrying click action, attempt #19
  -   waiting 500ms
  -   waiting for element to be visible, enabled and stable
  -   element is not visible
  - retrying click action, attempt #20
  -   waiting 500ms
  -   waiting for element to be visible, enabled and stable
  -   element is not visible
  - retrying click action, attempt #21
  -   waiting 500ms
  -   waiting for element to be visible, enabled and stable
  -   element is not visible
  - retrying click action, attempt #22
  -   waiting 500ms
  -   waiting for element to be visible, enabled and stable
  -   element is not visible
  - retrying click action, attempt #23
  -   waiting 500ms
  -   waiting for element to be visible, enabled and stable
  -   element is not visible
  - retrying click action, attempt #24
  -   waiting 500ms
  -   waiting for element to be visible, enabled and stable
  -   element is not visible
  - retrying click action, attempt #25
  -   waiting 500ms
  -   waiting for element to be visible, enabled and stable
  -   element is not visible
  - retrying click action, attempt #26
  -   waiting 500ms
  -   waiting for element to be visible, enabled and stable
  -   element is not visible
  - retrying click action, attempt #27
  -   waiting 500ms
  -   waiting for element to be visible, enabled and stable
  -   element is not visible
  - retrying click action, attempt #28
  -   waiting 500ms
  -   waiting for element to be visible, enabled and stable
  -   element is not visible
  - retrying click action, attempt #29
  -   waiting 500ms
  -   waiting for element to be visible, enabled and stable
  -   element is not visible
  - retrying click action, attempt #30
  -   waiting 500ms
  -   waiting for element to be visible, enabled and stable
  -   element is not visible
  - retrying click action, attempt #31
  -   waiting 500ms
  -   waiting for element to be visible, enabled and stable
  -   element is not visible
  - retrying click action, attempt #32
  -   waiting 500ms
  -   waiting for element to be visible, enabled and stable
  -   element is not visible
  - retrying click action, attempt #33
  -   waiting 500ms
  -   waiting for element to be visible, enabled and stable
  -   element is not visible
  - retrying click action, attempt #34
  -   waiting 500ms
  -   waiting for element to be visible, enabled and stable
  -   element is not visible
  - retrying click action, attempt #35
  -   waiting 500ms
  -   waiting for element to be visible, enabled and stable
  -   element is not visible
  - retrying click action, attempt #36
  -   waiting 500ms
  -   waiting for element to be visible, enabled and stable
  -   element is not visible
  - retrying click action, attempt #37
  -   waiting 500ms
  -   waiting for element to be visible, enabled and stable
  -   element is not visible
  - retrying click action, attempt #38
  -   waiting 500ms
  -   waiting for element to be visible, enabled and stable
  -   element is not visible
  - retrying click action, attempt #39
  -   waiting 500ms
  -   waiting for element to be visible, enabled and stable
  -   element is not visible
  - retrying click action, attempt #40
  -   waiting 500ms
  -   waiting for element to be visible, enabled and stable
  -   element is not visible
  - retrying click action, attempt #41
  -   waiting 500ms
  -   waiting for element to be visible, enabled and stable
  -   element is not visible
  - retrying click action, attempt #42
  -   waiting 500ms
  -   waiting for element to be visible, enabled and stable
  -   element is not visible
  - retrying click action, attempt #43
  -   waiting 500ms
  -   waiting for element to be visible, enabled and stable
  -   element is not visible
  - retrying click action, attempt #44
  -   waiting 500ms
  -   waiting for element to be visible, enabled and stable
  -   element is not visible
  - retrying click action, attempt #45
  -   waiting 500ms
  -   waiting for element to be visible, enabled and stable
  -   element is not visible
  - retrying click action, attempt #46
  -   waiting 500ms
  -   waiting for element to be visible, enabled and stable
  -   element is not visible
  - retrying click action, attempt #47
  -   waiting 500ms
  -   waiting for element to be visible, enabled and stable
  -   element is not visible
  - retrying click action, attempt #48
  -   waiting 500ms
  -   waiting for element to be visible, enabled and stable
  -   element is not visible
  - retrying click action, attempt #49
  -   waiting 500ms
  -   waiting for element to be visible, enabled and stable
  -   element is not visible
  - retrying click action, attempt #50
  -   waiting 500ms
  -   waiting for element to be visible, enabled and stable
  -   element is not visible
  - retrying click action, attempt #51
  -   waiting 500ms
  -   waiting for element to be visible, enabled and stable
  -   element is not visible
  - retrying click action, attempt #52
  -   waiting 500ms
  -   waiting for element to be visible, enabled and stable
  -   element is not visible
  - retrying click action, attempt #53
  -   waiting 500ms
  -   waiting for element to be visible, enabled and stable
  -   element is not visible
  - retrying click action, attempt #54
  -   waiting 500ms
  -   waiting for element to be visible, enabled and stable
  -   element is not visible
  - retrying click action, attempt #55
  -   waiting 500ms
  -   waiting for element to be visible, enabled and stable
  -   element is not visible
  - retrying click action, attempt #56
  -   waiting 500ms
  -   waiting for element to be visible, enabled and stable
  -   element is not visible
  - retrying click action, attempt #57
  -   waiting 500ms
  -   waiting for element to be visible, enabled and stable
  -   element is not visible
  - retrying click action, attempt #58
  -   waiting 500ms
  -   waiting for element to be visible, enabled and stable
  -   element is not visible
  - retrying click action, attempt #59
  -   waiting 500ms
  -   waiting for element to be visible, enabled and stable
  -   element is not visible
  - retrying click action, attempt #60
  -   waiting 500ms

    at /home/runner/work/Rando/Rando/tests/capture-final.mjs:33:14
    at async capture (/home/runner/work/Rando/Rando/tests/capture-final.mjs:18:3)
    at /home/runner/work/Rando/Rando/async file:/home/runner/work/Rando/Rando/tests/capture-final.mjs:30:1 {
  name: 'TimeoutError'
}

Node.js v20.20.2
