== APPLY RELEASE FIXES ==
== UPDATE PLAYWRIGHT ==

added 4 packages, and audited 5 packages in 2s

found 0 vulnerabilities
== AUDIT ==
== BUILD ==

> rondo-design-prototype@0.3.1 build:preview
> node scripts/build-preview.mjs


  .preview/app.bundle.js  117.2kb

⚡ Done in 8ms
/home/runner/work/Rando/Rando/preview.html
== START PREVIEW SERVER ==
== TEST ==

> rondo-design-prototype@0.3.1 test
> npm run check && npm run test:unit && npm run test:browser


> rondo-design-prototype@0.3.1 check
> node --check app.js && node --check src/app.js && node --check src/data/catalog.js && node --check src/services/journey.js && node --check src/state/store.js && node --check src/ui/views.js && node --check src/ui/ambience.js && node --check src/ui/songRoom.js && node --check src/services/audio.js


> rondo-design-prototype@0.3.1 test:unit
> node tests/unit.mjs

Rondo unit tests passed: 8 artists, 15 releases, 39 tracks.

> rondo-design-prototype@0.3.1 test:browser
> node tests/smoke.mjs && node tests/quality.mjs && node tests/listening.mjs && node tests/song-room.mjs && node tests/audio.mjs && node tests/personal.mjs && node tests/user-ready.mjs && node tests/experience.mjs && node tests/release-ready.mjs

Rondo interaction smoke test passed
{
  "checkedAt": "2026-09-06T16:05:03.649Z",
  "findings": [],
  "metadata": {
    "genreCount": 4,
    "browserErrors": []
  }
}
Immersive listening test passed.
file:///home/runner/work/Rando/Rando/tests/song-room.mjs:9
const assert = (condition, message) => { if (!condition) throw new Error(message); };
                                                               ^

Error: Story mode should explain why the song is present.
    at assert (file:///home/runner/work/Rando/Rando/tests/song-room.mjs:9:64)
    at file:///home/runner/work/Rando/Rando/tests/song-room.mjs:24:3

Node.js v20.20.2
